// Jest Snapshot v1, https://goo.gl/fbAQLP

exports[`should render NotFoundPage 1`] = `
<div>
  <p>
    404! NOT FOUND
  </p>
  <Link
    to="/"
  >
    Go home
  </Link>
</div>
`;
